[alteredqualia.com/three/examples/webgl_cubes.html]
[backblue.gif]
[fade.gif]
[index.html]
[alteredqualia.com/three/examples/webgl_cubes.html]
[github.com/mrdoob/three.html]
[github.githubassets.com/assets/light-92c7d381038e.css]
[github.githubassets.com/assets/dark-d4a90c367f0c.css]
[github.githubassets.com/assets/dark_dimmed-7196bb0d9aaf.css]
[github.githubassets.com/assets/dark_high_contrast-595a0aa89e32.css]
[github.githubassets.com/assets/dark_colorblind-5e900c04c491.css]
[github.githubassets.com/assets/light_colorblind-dc71761d9e0b.css]
[github.githubassets.com/assets/light_high_contrast-f89f23dd3d24.css]
[github.githubassets.com/assets/light_tritanopia-010780c79c07.css]
[github.githubassets.com/assets/primer-10084108b209.css]
[github.githubassets.com/assets/dark_tritanopia-faee699a0004.css]
[github.githubassets.com/assets/global-8f82e51acbeb.css]
[github.githubassets.com/assets/github-c2cfcea54a20.css]
[github.githubassets.com/assets/code-cc4842e104e9.css]
[github.githubassets.com/assets/runtime-4812a6038381.js]
[github.githubassets.com/assets/environment-5fef2533591a.js]
[github.githubassets.com/assets/vendors-node_modules_selector-observer_dist_index_esm_js-8a8fb532f817.js]
[github.githubassets.com/assets/vendors-node_modules_delegated-events_dist_index_js-node_modules_github_details-dialog-elemen-63debe-12cdb93781b2.js]
[github.githubassets.com/assets/vendors-node_modules_github_filter-input-element_dist_index_js-node_modules_github_remote-inp-c7e9ed-96689e70e220.js]
[github.githubassets.com/assets/vendors-node_modules_github_catalyst_lib_index_js-node_modules_github_time-elements_dist_index_js-cbaede36455a.js]
[github.githubassets.com/assets/vendors-node_modules_github_file-attachment-element_dist_index_js-node_modules_primer_view-co-52e104-e9e86b38ebb9.js]
[github.githubassets.com/assets/github-elements-97fffc8703a2.js]
[github.githubassets.com/assets/element-registry-4557eb2bb1aa.js]
[github.githubassets.com/assets/vendors-node_modules_lit-html_lit-html_js-ba8ef7c9465c.js]
[github.githubassets.com/assets/vendors-node_modules_github_remote-form_dist_index_js-node_modules_github_catalyst_lib_index_-87b1b3-2d648600c20f.js]
[github.githubassets.com/assets/vendors-node_modules_github_mini-throttle_dist_index_js-node_modules_github_hotkey_dist_index-9f48bd-d2bd677ffadf.js]
[github.githubassets.com/assets/vendors-node_modules_github_paste-markdown_dist_index_esm_js-node_modules_github_quote-select-df2537-54ae7a774375.js]
[github.githubassets.com/assets/app_assets_modules_github_behaviors_pjax_ts-df5f1259840c.js]
[github.githubassets.com/assets/app_assets_modules_github_behaviors_keyboard-shortcuts-helper_ts-app_assets_modules_github_be-af52ef-da1b18076287.js]
[github.githubassets.com/assets/app_assets_modules_github_behaviors_details_ts-app_assets_modules_github_behaviors_include-fr-34e1f7-9acce10f39d4.js]
[github.githubassets.com/assets/behaviors-c3fb760ff2b0.js]
[github.githubassets.com/assets/vendors-node_modules_delegated-events_dist_index_js-node_modules_github_catalyst_lib_index_js-6e358f-3b84021078cd.js]
[github.githubassets.com/assets/notifications-global-b6e447c4b63a.js]
[github.githubassets.com/assets/vendors-node_modules_optimizely_optimizely-sdk_dist_optimizely_browser_es_min_js-node_modules-05bb82-176497319aa6.js]
[github.githubassets.com/assets/optimizely-bc20a58032a0.js]
[github.githubassets.com/assets/vendors-node_modules_virtualized-list_es_index_js-node_modules_github_template-parts_lib_index_js-c86dedecba6d.js]
[github.githubassets.com/assets/vendors-node_modules_github_remote-form_dist_index_js-node_modules_delegated-events_dist_inde-1424531-77d00c3d8c19.js]
[github.githubassets.com/assets/codespaces-2a2489c8ed13.js]
[github.githubassets.com/assets/vendors-node_modules_github_mini-throttle_dist_decorators_js-node_modules_github_remote-form_-2c55be-3d9c761026c4.js]
[github.githubassets.com/assets/vendors-node_modules_github_file-attachment-element_dist_index_js-node_modules_github_filter--fd67a9-14d5b1287914.js]
[github.githubassets.com/assets/app_assets_modules_github_fetch_ts-app_assets_modules_github_form_ts-app_assets_modules_githu-dec477-7b52a85452e9.js]
[github.githubassets.com/assets/repositories-ae4da9ddb4b1.js]
[github.githubassets.com/assets/topic-suggestions-2a541d44a077.js]
[github.githubassets.com/assets/code-menu-f5939488431f.js]
[github.com/fluidicon.png]
[github.githubassets.com/favicons/favicon.png]
[github.com/login36a5.html]
[github.com/signup2fe5.html]
[github.com/login6e11.html]
[github.com/mrdoob/three.js/blob/dev/LICENSE.html]
[github.com/mrdoob/three.js/stargazers.html]
[github.com/mrdoob/three.js/network/members.html]
[github.com/mrdoob/three.js/issues.html]
[github.com/mrdoob/three.js/pulls.html]
[github.com/mrdoob/three.js/actions.html]
[github.com/mrdoob/three.js/wiki.html]
[github.com/mrdoob/three.js/security.html]
[github.com/mrdoob/three.js/security/overall-count.3c.delayed]
[github.com/mrdoob/three.js/pulse.html]
[github.com/mrdoob/three.js/spoofed_commit_check/de17358232c3cc45bb2df0a5a64068cbcdeaa2f8.html]
[github.com/mrdoob/three.js/tree/{{ urlEncodedRefName }}.3f.delayed]
[github.com/mrdoob/three.js/branches.40.delayed]
[github.com/mrdoob/three.js/tags.html]
[github.com/mrdoob/three.js/overview_actions/dev.html]
[github.com/mrdoob/three.js/code_menu_contents/dev.43.delayed]
[github.com/mrdoob/three.js/commitsd0e4.html]
[github.com/mrdoob/three.js/commit/de17358232c3cc45bb2df0a5a64068cbcdeaa2f8.html]
[github.com/mrdoob/three.js/pull/24207.html]
[github.com/mrdoob/three.js/commit/de17358232c3cc45bb2df0a5a64068cbcdeaa2f8/rollupabee.html]
[github.com/mrdoob/three.js/commits/dev.html]
[github.com/mrdoob/three.js/file-list/dev.html]
[github.com/mrdoob/three.js/tree/de17358232c3cc45bb2df0a5a64068cbcdeaa2f8.html]
[github.com/mrdoob/three.js/tree/dev/.html]
[github.com/mrdoob/three.js/tree/dev/build.html]
[github.com/mrdoob/three.js/tree/dev/docs.html]
[github.com/mrdoob/three.js/tree/dev/editor.html]
[github.com/mrdoob/three.js/tree/dev/examples.html]
[github.com/mrdoob/three.js/tree/dev/files.html]
[github.com/mrdoob/three.js/tree/dev/manual.html]
[github.com/mrdoob/three.js/tree/dev/src.html]
[github.com/mrdoob/three.js/tree/dev/test.html]
[github.com/mrdoob/three.js/tree/dev/utils.html]
[github.com/mrdoob/three.js/blob/dev/.html]
[github.com/mrdoob/three.js/blob/dev/-2.html]
[github.com/mrdoob/three.js/blob/dev/-3.html]
[github.com/mrdoob/three.js/blob/dev/.lgtm.html]
[github.com/mrdoob/three.js/blob/dev/README.html]
[github.com/mrdoob/three.js/blob/dev/icon.html]
[github.com/mrdoob/three.js/blob/dev/package-lock.html]
[github.com/mrdoob/three.js/blob/dev/package.html]
[github.com/mrdoob/three.js/wiki/Migration-Guide.html]
[github.com/mrdoob/three.js/releases.html]
[github.com/mrdoob/three.js/blob/dev/.github/CODE_OF_CONDUCT.html]
[github.com/mrdoob/three.js/watchers.html]
[github.com/mrdoob/three.js/releases/tag/r141.html]
[github.com/mrdoob/three.js/sponsors_list2725.html]
[github.com/mrdoob/three.js/graphs/contributors.html]
[github.com/mrdoob/three.js/searchd9f4.html]
[github.com/mrdoob/three.js/search72d8.html]
[github.com/mrdoob/three.js/searchab4c.html]
[github.com/mrdoob/three.html]
[github.githubassets.com/assets/light-92c7d381038e.css]
[github.githubassets.com/assets/dark-d4a90c367f0c.css]
[github.githubassets.com/assets/dark_dimmed-7196bb0d9aaf.css]
[github.githubassets.com/assets/dark_high_contrast-595a0aa89e32.css]
[github.githubassets.com/assets/dark_colorblind-5e900c04c491.css]
[github.githubassets.com/assets/light_colorblind-dc71761d9e0b.css]
[github.githubassets.com/assets/light_high_contrast-f89f23dd3d24.css]
[github.githubassets.com/assets/light_tritanopia-010780c79c07.css]
[github.githubassets.com/assets/dark_tritanopia-faee699a0004.css]
[github.com/mrdoob/three.js/searchefff.html]
[github.githubassets.com/images/spinners/octocat-spinner-16px.gif]
[github.githubassets.com/images/modules/ajax/success.png]
[github.githubassets.com/images/modules/ajax/error.png]
[github.githubassets.com/images/spinners/octocat-spinner-32.gif]
[github.githubassets.com/images/modules/ajax/success@2x.png]
[github.githubassets.com/images/modules/ajax/error@2x.png]
[github.githubassets.com/images/spinners/octocat-spinner-32-EAF2F5.gif]
[github.githubassets.com/assets/primer-10084108b209.css]
[github.githubassets.com/images/spinners/octocat-spinner-16px-EAF2F5.gif]
[github.githubassets.com/images/modules/pagehead/background-yellowhatch-v3.png]
[github.githubassets.com/assets/global-8f82e51acbeb.css]
[github.githubassets.com/images/spinners/octocat-spinner-64.gif]
[github.githubassets.com/images/modules/site/codespaces/dropdown-background-light.png]
[github.githubassets.com/images/modules/site/codespaces/dropdown-background-dark.png]
[github.githubassets.com/images/modules/commit/trans_bg.gif]
[github.githubassets.com/images/spinners/octocat-spinner-128.gif]
[github.githubassets.com/images/modules/memexes/projects-beta-banner-mobile.png]
[github.githubassets.com/images/modules/memexes/projects-beta-banner.png]
[github.githubassets.com/images/modules/memexes/projects-beta-banner-dark.png]
[github.githubassets.com/assets/github-c2cfcea54a20.css]
[github.githubassets.com/images/modules/site/sponsors/heart-explosion.png]
[github.githubassets.com/assets/code-cc4842e104e9.css]
[github.githubassets.com/assets/vendors-node_modules_github_filter-input-element_dist_index_js-node_modules_github_mini-throt-1b17ee-04d537e6501c.js]
[github.githubassets.com/assets/app_assets_modules_github_has-interactions_ts-app_assets_modules_github_history_ts-app_assets-94cfe1-78b749af2bc8.js]
[github.githubassets.com/assets/settings-a033deacdc31.js]
[github.githubassets.com/assets/sessions-32139e9842a2.js]
[github.com/opensearch.xml]
[github.com/login.html]
[github.com/manifest.json]
[github.com/logine7b6.html]
[github.com/password_reset.html]
[github.com/signup1e23.html]
[github.com/login36a5.html]
[github.githubassets.com/assets/signup-6ff7c8033f63.css]
[github.githubassets.com/assets/signup-redesign-72f8e45047b8.js]
[github.githubassets.com/assets/signup-b89e02bc9ca3.js]
[github.githubassets.com/assets/site-9bd2917c929a.css]
[github.githubassets.com/assets/home-e7c62af55af3.css]
[github.com/logindb1e.html]
[github.githubassets.com/images/modules/signup/launch_codes/launch-codes-mona-fallback@1x.jpg]
[github.com/email_validity_checks.92.delayed]
[github.com/password_validity_checks.93.delayed]
[github.com/signup_check/username.94.delayed]
[github.com/signup2fe5.html]
[github.com/mrdoob/three.js/sponsor_button.html]
[github.com/login6e11.html]
[github.com/signup34f6.html]
[github.githubassets.com/assets/diffs-31cda9908354.js]
[github.com/signupa983.html]
[github.com/mrdoob/three.js/blob/de17358232c3cc45bb2df0a5a64068cbcdeaa2f8/LICENSE.html]
[github.com/mrdoob/three.js/blob/{{ urlEncodedRefName }}/LICENSE.9e.delayed]
[github.com/mrdoob/three.js/find/dev.html]
[github.com/mrdoob/three.js/contributors/dev/LICENSE.html]
[github.com/mrdoob/three.js/blame/dev/LICENSE.html]
[github.com/mrdoob/three.js/blob/dev/{{ revealButtonHref }}.a4.delayed]
[github.com/mrdoob/three.js/blame/de17358232c3cc45bb2df0a5a64068cbcdeaa2f8/LICENSE.html]
[github.com/mrdoob/three.js/blob/dev/LICENSE.html]
[github.githubassets.com/assets/global-f39b16d1de83.css]
[github.com/signupfd15.html]
[github.com/mrdoob/three.js/stargazers.html]
[github.com/mrdoob/three.js/stargazers4658.html]
[github.githubassets.com/assets/insights-27182626bb80.css]
[github.com/signup5183.html]
[github.com/mrdoob/three.js/community.html]
[github.com/mrdoob/three.js/graphs/commit-activity.html]
[github.com/mrdoob/three.js/graphs/code-frequency.html]
[github.com/mrdoob/three.js/network/dependencies.html]
[github.com/mrdoob/three.js/network.html]
[github.com/0077cc/three.html]
[github.com/3radley/three.html]
[github.com/6ert/three.html]
[github.com/6s376006/three.html]
[github.com/6xen6/three.html]
[github.com/8bitpal/three.html]
[github.com/a-arai/three.html]
[github.com/abdushkur/three.html]
[github.com/absuk/three.html]
[github.com/abvnohito/three.html]
[github.com/actionnick/three.html]
[github.com/Adam-Lipshay/three.html]
[github.com/adamhemphill/three.html]
[github.com/adamoid/three.html]
[github.com/adarshk/three.html]
[github.com/adder/three.html]
[github.com/addisonj/three.html]
[github.com/adelarsq/three.html]
[github.com/adgeese/three.html]
[github.com/adhyie/three.html]
[github.com/adib2011/three.html]
[github.com/adionditsak/three.html]
[github.com/aditya-agarwal/three.html]
[github.com/adonaldson/three.html]
[github.com/aduttach/three.html]
[github.com/ajorkowski/three.html]
[github.com/alanyjw/three.html]
[github.com/albybarber/three.html]
[github.com/aleak/three.html]
[github.com/aleeper/three.html]
[github.com/alexkwood/three.html]
[github.com/alibaba00/three.html]
[github.com/aliemam/three.html]
[github.com/alizadeh-amin/three.html]
[github.com/AllenWeb/three.html]
[github.com/alonecuzzo/three.html]
[github.com/alteredq/three.html]
[github.com/alvarlaigna/three.html]
[github.com/am9u/three.html]
[github.com/AnaPaulaRamos/three.html]
[github.com/andershoedholt/three.html]
[github.com/AndreasBriese/three.html]
[github.com/andreasrs/three.html]
[github.com/andreesie/three.html]
[github.com/andrekandore/three.html]
[github.com/andrew-aladev/three.html]
[github.com/andrewdeutsch/three.html]
[github.com/AndriiSydorov/three.html]
[github.com/andsve/three.html]
[github.com/andyqee/three.html]
[github.com/Anewczs/three.html]
[github.com/angelxuanchang/three.html]
[github.com/animaweapon/three.html]
[github.com/anirudhjoshi/three.html]
[github.com/anonymoose1/three.html]
[github.com/anotheremily/three.html]
[github.com/antmaper/three.html]
[github.com/antsfee/three.html]
[github.com/antyrat/three.html]
[github.com/AnuragV/three.html]
[github.com/apaci/three.html]
[github.com/apendua/three.html]
[github.com/AppleTea/three.html]
[github.com/Apt1tude/three.html]
[github.com/Aquietzero/three.html]
[github.com/aral/three.html]
[github.com/ardnet2/three.html]
[github.com/arianra/three.html]
[github.com/arkasia/three.html]
[github.com/arnhold/three.html]
[github.com/asalga/three.html]
[github.com/asazorojas/three.html]
[github.com/asg-3d/three.html]
[github.com/ashpc/three.html]
[github.com/aslushnikov/three.html]
[github.com/asop/three.html]
[github.com/aspirin-Tony/three.html]
[github.com/astanley/three.html]
[github.com/asutherland/three.html]
[github.com/atake831/three.html]
[github.com/atmd/three.html]
[github.com/avieth/three.html]
[github.com/axhm3a/three.html]
[github.com/b4ndi92/three.html]
[github.com/babebridou/three.html]
[github.com/balasan/three.html]
[github.com/balmasi/three.html]
[github.com/bananaxzw/three.html]
[github.com/barnabygunning/three.html]
[github.com/Bartoaster/three.html]
[github.com/bartuer/three.html]
[github.com/bassemelkahki/three.html]
[github.com/bcajes/three.html]
[github.com/bczy/three.html]
[github.com/bearphace/three.html]
[github.com/begoniayy/three.html]
[github.com/beherca/three.html]
[github.com/bengenuity/three.html]
[github.com/benhoad/three.html]
[github.com/BennyBFromGE/three.html]
[github.com/bensochar/three.html]
[github.com/bhatti/three.html]
[github.com/bhouston/three.html]
[github.com/bigdig/three.html]
[github.com/bily/three.html]
[github.com/binishkaspar/three.html]
[github.com/birkin169/three.html]
[github.com/Bittencourt/three.html]
[github.com/bjnortier/three.html]
[github.com/BlackShine/three.html]
[github.com/blister/three.html]
[github.com/bmd0031/three.html]
[github.com/brianclanton/three.html]
[github.com/brianegan/three.html]
[github.com/briangrace/three.html]
[github.com/brighteningStar/three.html]
[github.com/broady/three.html]
[github.com/brownman/three.html]
[github.com/brunolimawd/three.html]
[github.com/bryantung/three.html]
[github.com/bryce-evans/three.html]
[github.com/bsingr/three.html]
[github.com/bstanciu/three.html]
[github.com/builtbyedgar/three.html]
[github.com/burgiking/three.html]
[github.com/butcher56/three.html]
[github.com/c4s/three.html]
[github.com/cageymedia/three.html]
[github.com/caimaoy/three.html]
[github.com/canassa/three.html]
[github.com/mrdoob/three.js/network/members.html]
[github.com/mrdoob/three.js/issues.html]
[github.com/mrdoob/three.js/pulls.html]
[github.com/mrdoob/three.js/actions.html]
[github.com/mrdoob/three.js/wiki.html]
[github.com/mrdoob/three.js/security.html]
[github.com/mrdoob/three.js/security/overall-count.html]
[github.com/mrdoob/three.js/pulse.html]
[github.com/mrdoob/three.js/spoofed_commit_check/de17358232c3cc45bb2df0a5a64068cbcdeaa2f8.html]
[github.com/mrdoob/three.js/tree/{{ urlEncodedRefName }}.html]
[github.com/mrdoob/three.js/branches.html]
[github.com/mrdoob/three.js/tags.html]
[github.com/mrdoob/three.js/overview_actions/dev.html]
[github.com/mrdoob/three.js/code_menu_contents/dev.html]
[github.com/mrdoob/three.js/commitsd0e4.html]
[github.com/mrdoob/three.js/commit/de17358232c3cc45bb2df0a5a64068cbcdeaa2f8.html]
[github.com/mrdoob/three.js/pull/24207.html]
[github.com/mrdoob/three.js/commit/de17358232c3cc45bb2df0a5a64068cbcdeaa2f8/rollupabee.html]
[github.com/mrdoob/three.js/commits/dev.html]
[github.com/mrdoob/three.js/file-list/dev.html]
[github.com/mrdoob/three.js/tree/de17358232c3cc45bb2df0a5a64068cbcdeaa2f8.html]
[github.com/mrdoob/three.js/tree/dev/.html]
[github.com/mrdoob/three.js/tree/dev/build.html]
[github.com/mrdoob/three.js/tree/dev/docs.html]
[github.com/mrdoob/three.js/tree/dev/editor.html]
[github.com/mrdoob/three.js/tree/dev/examples.html]
[github.com/mrdoob/three.js/tree/dev/files.html]
[github.com/mrdoob/three.js/tree/dev/manual.html]
[github.com/mrdoob/three.js/tree/dev/src.html]
[github.com/mrdoob/three.js/tree/dev/test.html]
[github.com/mrdoob/three.js/tree/dev/utils.html]
[github.com/mrdoob/three.js/blob/dev/.html]
[github.com/mrdoob/three.js/blob/dev/-2.html]
[github.com/mrdoob/three.js/blob/dev/-3.html]
[github.com/mrdoob/three.js/blob/dev/.lgtm.html]
[github.com/mrdoob/three.js/blob/dev/README.html]
[github.com/mrdoob/three.js/blob/dev/icon.html]
